#
# There is insufficient memory for the Java Runtime Environment to continue.
# Native memory allocation (mmap) failed to map 268435456 bytes for G1 virtual space
# Possible reasons:
#   The system is out of physical RAM or swap space
#   The process is running with CompressedOops enabled, and the Java Heap may be blocking the growth of the native heap
# Possible solutions:
#   Reduce memory load on the system
#   Increase physical memory or swap space
#   Check if swap backing store is full
#   Decrease Java heap size (-Xmx/-Xms)
#   Decrease number of Java threads
#   Decrease Java thread stack sizes (-Xss)
#   Set larger code cache with -XX:ReservedCodeCacheSize=
#   JVM is running with Unscaled Compressed Oops mode in which the Java heap is
#     placed in the first 4GB address space. The Java Heap base address is the
#     maximum limit for the native heap growth. Please use -XX:HeapBaseMinAddress
#     to set the Java Heap base and to place the Java Heap above 4GB virtual address.
# This output file may be truncated or incomplete.
#
#  Out of Memory Error (os_windows.cpp:3559), pid=3876, tid=17596
#
# JRE version:  (17.0.7+7) (build )
# Java VM: OpenJDK 64-Bit Server VM (17.0.7+7, mixed mode, sharing, tiered, compressed oops, compressed class ptrs, g1 gc, windows-amd64)
# No core dump will be written. Minidumps are not enabled by default on client versions of Windows
#

---------------  S U M M A R Y ------------

Command Line: -Djava.awt.headless=true -Xmx2048m -Dscanner.home=C:\Users\Hp\.sonar\native-sonar-scanner\sonar-scanner-5.0.1.3006-windows\bin\.. -Dproject.home=C:\Users\Hp\OneDrive\Documents\Lumen-Codebase\Lumen\frontend org.sonarsource.scanner.cli.Main -v

Host: Intel(R) Core(TM) i7-8550U CPU @ 1.80GHz, 8 cores, 15G,  Windows 11 , 64 bit Build 26100 (10.0.26100.8246)
Time: Thu May  7 01:11:36 2026 Pakistan Standard Time elapsed time: 0.120417 seconds (0d 0h 0m 0s)

---------------  T H R E A D  ---------------

Current thread (0x0000020c82de2ac0):  JavaThread "Unknown thread" [_thread_in_vm, id=17596, stack(0x000000ca84700000,0x000000ca84800000)]

Stack: [0x000000ca84700000,0x000000ca84800000]
Native frames: (J=compiled Java code, j=interpreted, Vv=VM code, C=native code)
V  [jvm.dll+0x67754a]
V  [jvm.dll+0x834304]
V  [jvm.dll+0x835aae]
V  [jvm.dll+0x836113]
V  [jvm.dll+0x24696f]
V  [jvm.dll+0x6743f9]
V  [jvm.dll+0x668c8a]
V  [jvm.dll+0x3061bb]
V  [jvm.dll+0x30d6a6]
V  [jvm.dll+0x35cece]
V  [jvm.dll+0x35d0ff]
V  [jvm.dll+0x2dd048]
V  [jvm.dll+0x2ddfb4]
V  [jvm.dll+0x8066d1]
V  [jvm.dll+0x36ac91]
V  [jvm.dll+0x7e5cec]
V  [jvm.dll+0x3ed56f]
V  [jvm.dll+0x3ef0a1]
C  [jli.dll+0x528b]
C  [ucrtbase.dll+0x37b0]
C  [KERNEL32.DLL+0x2e8d7]
C  [ntdll.dll+0x8c3fc]


---------------  P R O C E S S  ---------------

Threads class SMR info:
_java_thread_list=0x00007ff891d27018, length=0, elements={
}

Java Threads: ( => current thread )

Other Threads:
  0x0000020c82e40c60 GCTaskThread "GC Thread#0" [stack: 0x000000ca84800000,0x000000ca84900000] [id=12760]
  0x0000020c82e52d50 ConcurrentGCThread "G1 Main Marker" [stack: 0x000000ca84900000,0x000000ca84a00000] [id=8976]
  0x0000020c82e56180 ConcurrentGCThread "G1 Conc#0" [stack: 0x000000ca84a00000,0x000000ca84b00000] [id=28696]

[error occurred during error reporting (printing all threads), id 0xc0000005, EXCEPTION_ACCESS_VIOLATION (0xc0000005) at pc=0x00007ff8914fdaf7]

VM state: not at safepoint (not fully initialized)

VM Mutex/Monitor currently owned by a thread:  ([mutex/lock_event])
[0x0000020c80bac6d0] Heap_lock - owner thread: 0x0000020c82de2ac0

Heap address: 0x0000000080000000, size: 2048 MB, Compressed Oops mode: 32-bit

CDS archive(s) mapped at: [0x0000000000000000-0x0000000000000000-0x0000000000000000), size 0, SharedBaseAddress: 0x0000000800000000, ArchiveRelocationMode: 0.
Narrow klass base: 0x0000000000000000, Narrow klass shift: 0, Narrow klass range: 0x0

GC Precious Log:
<Empty>

Heap:
 garbage-first heap   total 0K, used 0K [0x0000000080000000, 0x0000000100000000)
  region size 1024K, 0 young (0K), 0 survivors (0K)

[error occurred during error reporting (printing heap information), id 0xc0000005, EXCEPTION_ACCESS_VIOLATION (0xc0000005) at pc=0x00007ff8918e0db9]

GC Heap History (0 events):
No events

Dll operation events (1 events):
Event: 0.043 Loaded shared library C:\Users\Hp\.sonar\native-sonar-scanner\sonar-scanner-5.0.1.3006-windows\jre\bin\java.dll

Deoptimization events (0 events):
No events

Classes unloaded (0 events):
No events

Classes redefined (0 events):
No events

Internal exceptions (0 events):
No events

VM Operations (0 events):
No events

Events (0 events):
No events


Dynamic libraries:
0x00007ff7c7bd0000 - 0x00007ff7c7bde000 	C:\Users\Hp\.sonar\native-sonar-scanner\sonar-scanner-5.0.1.3006-windows\jre\bin\java.exe
0x00007ff936a60000 - 0x00007ff936cc7000 	C:\Windows\SYSTEM32\ntdll.dll
0x00007ff935c40000 - 0x00007ff935d09000 	C:\Windows\System32\KERNEL32.DLL
0x00007ff9335f0000 - 0x00007ff9339e4000 	C:\Windows\System32\KERNELBASE.dll
0x00007ff9346a0000 - 0x00007ff9347eb000 	C:\Windows\System32\ucrtbase.dll
0x00007ff926d60000 - 0x00007ff926d77000 	C:\Users\Hp\.sonar\native-sonar-scanner\sonar-scanner-5.0.1.3006-windows\jre\bin\jli.dll
0x00007ff9348b0000 - 0x00007ff934a75000 	C:\Windows\System32\USER32.dll
0x00007ff933c20000 - 0x00007ff933c47000 	C:\Windows\System32\win32u.dll
0x00007ff936870000 - 0x00007ff93689b000 	C:\Windows\System32\GDI32.dll
0x00007ff933c50000 - 0x00007ff933d7b000 	C:\Windows\System32\gdi32full.dll
0x00007ff924f20000 - 0x00007ff924f39000 	C:\Users\Hp\.sonar\native-sonar-scanner\sonar-scanner-5.0.1.3006-windows\jre\bin\VCRUNTIME140.dll
0x00007ff933d80000 - 0x00007ff933e23000 	C:\Windows\System32\msvcp_win.dll
0x00007ff920890000 - 0x00007ff920b23000 	C:\Windows\WinSxS\amd64_microsoft.windows.common-controls_6595b64144ccf1df_6.0.26100.8115_none_3e075c82e3354f9c\COMCTL32.dll
0x00007ff9368e0000 - 0x00007ff936989000 	C:\Windows\System32\msvcrt.dll
0x00007ff9369e0000 - 0x00007ff936a12000 	C:\Windows\System32\IMM32.DLL
0x00007ff927540000 - 0x00007ff92754c000 	C:\Users\Hp\.sonar\native-sonar-scanner\sonar-scanner-5.0.1.3006-windows\jre\bin\vcruntime140_1.dll
0x00007ff8cc370000 - 0x00007ff8cc401000 	C:\Users\Hp\.sonar\native-sonar-scanner\sonar-scanner-5.0.1.3006-windows\jre\bin\msvcp140.dll
0x00007ff891210000 - 0x00007ff891e58000 	C:\Users\Hp\.sonar\native-sonar-scanner\sonar-scanner-5.0.1.3006-windows\jre\bin\server\jvm.dll
0x00007ff934f40000 - 0x00007ff934ff6000 	C:\Windows\System32\ADVAPI32.dll
0x00007ff935000000 - 0x00007ff9350a7000 	C:\Windows\System32\sechost.dll
0x00007ff934da0000 - 0x00007ff934eb8000 	C:\Windows\System32\RPCRT4.dll
0x00007ff923640000 - 0x00007ff923676000 	C:\Windows\SYSTEM32\WINMM.dll
0x00007ff927040000 - 0x00007ff92704a000 	C:\Windows\SYSTEM32\WSOCK32.dll
0x00007ff935150000 - 0x00007ff9351d0000 	C:\Windows\System32\WS2_32.dll
0x00007ff927910000 - 0x00007ff92791b000 	C:\Windows\SYSTEM32\VERSION.dll
0x00007ff932080000 - 0x00007ff93209b000 	C:\Windows\SYSTEM32\kernel.appcore.dll
0x00007ff923440000 - 0x00007ff92344a000 	C:\Users\Hp\.sonar\native-sonar-scanner\sonar-scanner-5.0.1.3006-windows\jre\bin\jimage.dll
0x00007ff930dd0000 - 0x00007ff931012000 	C:\Windows\SYSTEM32\DBGHELP.DLL
0x00007ff935d10000 - 0x00007ff936092000 	C:\Windows\System32\combase.dll
0x00007ff935260000 - 0x00007ff935338000 	C:\Windows\System32\OLEAUT32.dll
0x00007ff912240000 - 0x00007ff91227b000 	C:\Windows\SYSTEM32\dbgcore.DLL
0x00007ff933b70000 - 0x00007ff933c15000 	C:\Windows\System32\bcryptPrimitives.dll
0x00007ff9233d0000 - 0x00007ff9233f5000 	C:\Users\Hp\.sonar\native-sonar-scanner\sonar-scanner-5.0.1.3006-windows\jre\bin\java.dll

dbghelp: loaded successfully - version: 4.0.5 - missing functions: none
symbol engine: initialized successfully - sym options: 0x614 - pdb path: .;C:\Users\Hp\.sonar\native-sonar-scanner\sonar-scanner-5.0.1.3006-windows\jre\bin;C:\Windows\SYSTEM32;C:\Windows\WinSxS\amd64_microsoft.windows.common-controls_6595b64144ccf1df_6.0.26100.8115_none_3e075c82e3354f9c;C:\Users\Hp\.sonar\native-sonar-scanner\sonar-scanner-5.0.1.3006-windows\jre\bin\server

VM Arguments:
jvm_args: -Djava.awt.headless=true -Xmx2048m -Dscanner.home=C:\Users\Hp\.sonar\native-sonar-scanner\sonar-scanner-5.0.1.3006-windows\bin\.. -Dproject.home=C:\Users\Hp\OneDrive\Documents\Lumen-Codebase\Lumen\frontend 
java_command: org.sonarsource.scanner.cli.Main -v
java_class_path (initial): C:\Users\Hp\.sonar\native-sonar-scanner\sonar-scanner-5.0.1.3006-windows\bin\..\lib\sonar-scanner-cli-5.0.1.3006.jar
Launcher Type: SUN_STANDARD

[Global flags]
     intx CICompilerCount                          = 4                                         {product} {ergonomic}
     uint ConcGCThreads                            = 2                                         {product} {ergonomic}
     uint G1ConcRefinementThreads                  = 8                                         {product} {ergonomic}
   size_t G1HeapRegionSize                         = 1048576                                   {product} {ergonomic}
    uintx GCDrainStackTargetSize                   = 64                                        {product} {ergonomic}
   size_t InitialHeapSize                          = 268435456                                 {product} {ergonomic}
   size_t MarkStackSize                            = 4194304                                   {product} {ergonomic}
   size_t MaxHeapSize                              = 2147483648                                {product} {command line}
   size_t MinHeapDeltaBytes                        = 1048576                                   {product} {ergonomic}
   size_t MinHeapSize                              = 8388608                                   {product} {ergonomic}
    uintx NonNMethodCodeHeapSize                   = 5839372                                {pd product} {ergonomic}
    uintx NonProfiledCodeHeapSize                  = 122909434                              {pd product} {ergonomic}
    uintx ProfiledCodeHeapSize                     = 122909434                              {pd product} {ergonomic}
    uintx ReservedCodeCacheSize                    = 251658240                              {pd product} {ergonomic}
     bool SegmentedCodeCache                       = true                                      {product} {ergonomic}
   size_t SoftMaxHeapSize                          = 2147483648                             {manageable} {ergonomic}
     bool UseCompressedClassPointers               = true                           {product lp64_product} {ergonomic}
     bool UseCompressedOops                        = true                           {product lp64_product} {ergonomic}
     bool UseG1GC                                  = true                                      {product} {ergonomic}
     bool UseLargePagesIndividualAllocation        = false                                  {pd product} {ergonomic}

Logging:
Log output configuration:
 #0: stdout all=warning uptime,level,tags
 #1: stderr all=off uptime,level,tags

Environment Variables:
JAVA_HOME=C:\Users\Hp\.sonar\native-sonar-scanner\sonar-scanner-5.0.1.3006-windows\bin\..\jre
PATH=C:\Users\Hp\OneDrive\Documents\Lumen-Codebase\Lumen\frontend\node_modules\.bin;C:\Users\Hp\OneDrive\Documents\Lumen-Codebase\Lumen\node_modules\.bin;C:\Users\Hp\OneDrive\Documents\Lumen-Codebase\node_modules\.bin;C:\Users\Hp\OneDrive\Documents\node_modules\.bin;C:\Users\Hp\OneDrive\node_modules\.bin;C:\Users\Hp\node_modules\.bin;C:\Users\node_modules\.bin;C:\node_modules\.bin;C:\Program Files\nodejs\node_modules\npm\node_modules\@npmcli\run-script\lib\node-gyp-bin;c:\Users\Hp\OneDrive\Documents\Lumen-Codebase\Lumen\.venv\Scripts;C:\Users\Hp\AppData\Local\Programs\Microsoft VS Code;C:\Windows\system32;C:\Windows;C:\Windows\System32\Wbem;C:\Windows\System32\WindowsPowerShell\v1.0\;C:\Windows\System32\OpenSSH\;C:\Program Files\nodejs\;C:\Program Files\Git\cmd;C:\Users\Hp\Downloads\sonar-scanner-7.3.0.5189-windows-x64\bin;C:\Users\Hp\AppData\Local\Programs\Python\Python314\Scripts\;C:\Program Files\dotnet\;C:\Program Files\Docker\Docker\resources\bin;C:\Users\Hp\scoop\shims;C:\Users\Hp\AppData\Local\Programs\Python\Python312\Scripts\;C:\Users\Hp\AppData\Local\Programs\Python\Python312\;C:\Users\Hp\.local\bin;C:\Users\Hp\AppData\Local\Microsoft\WindowsApps;C:\Users\Hp\AppData\Roaming\npm;C:\Users\Hp\AppData\Local\Programs\Microsoft VS Code\bin;D:\Applications and Tools\Antigravity\bin
USERNAME=Hp
LANG=en_US.UTF-8
OS=Windows_NT
PROCESSOR_IDENTIFIER=Intel64 Family 6 Model 142 Stepping 10, GenuineIntel
TMP=C:\Users\Hp\AppData\Local\Temp
TEMP=C:\Users\Hp\AppData\Local\Temp



---------------  S Y S T E M  ---------------

OS:
 Windows 11 , 64 bit Build 26100 (10.0.26100.8246)
OS uptime: 0 days 12:38 hours
Hyper-V role detected

CPU: total 8 (initial active 8) (4 cores per cpu, 2 threads per core) family 6 model 142 stepping 10 microcode 0xf0, cx8, cmov, fxsr, ht, mmx, 3dnowpref, sse, sse2, sse3, ssse3, sse4.1, sse4.2, popcnt, lzcnt, tsc, tscinvbit, avx, avx2, aes, erms, clmul, bmi1, bmi2, adx, fma, vzeroupper, clflush, clflushopt, hv

Memory: 4k page, system-wide physical 16280M (909M free)
TotalPageFile size 28283M (AvailPageFile size 134M)
current process WorkingSet (physical memory assigned to process): 12M, peak: 12M
current process commit charge ("private bytes"): 60M, peak: 316M

vm_info: OpenJDK 64-Bit Server VM (17.0.7+7) for windows-amd64 JRE (17.0.7+7), built on Apr 18 2023 22:10:42 by "temurin" with MS VC++ 16.7 (VS2019)

END.
